Archive member included because of file (symbol)

c:/winavr-20100110/bin/../lib/gcc/avr/4.3.3/avr5\libgcc.a(_mulsi3.o)
                              ./ADC/adc.o (__mulsi3)
c:/winavr-20100110/bin/../lib/gcc/avr/4.3.3/avr5\libgcc.a(_udivmodhi4.o)
                              ./ADC/adc.o (__udivmodhi4)
c:/winavr-20100110/bin/../lib/gcc/avr/4.3.3/avr5\libgcc.a(_divmodhi4.o)
                              ./main.o (__divmodhi4)
c:/winavr-20100110/bin/../lib/gcc/avr/4.3.3/avr5\libgcc.a(_udivmodsi4.o)
                              ./ADC/adc.o (__udivmodsi4)
c:/winavr-20100110/bin/../lib/gcc/avr/4.3.3/avr5\libgcc.a(_exit.o)
                              c:/winavr-20100110/bin/../lib/gcc/avr/4.3.3/../../../../avr/lib/avr5/crtm328p.o (exit)
c:/winavr-20100110/bin/../lib/gcc/avr/4.3.3/avr5\libgcc.a(_copy_data.o)
                              ./ADC/adc.o (__do_copy_data)
c:/winavr-20100110/bin/../lib/gcc/avr/4.3.3/avr5\libgcc.a(_clear_bss.o)
                              ./TIMER2/timer2.o (__do_clear_bss)
c:/winavr-20100110/bin/../lib/gcc/avr/4.3.3/../../../../avr/lib/avr5\libc.a(itoa.o)
                              ./HD44780/HD44780.o (itoa)
c:/winavr-20100110/bin/../lib/gcc/avr/4.3.3/../../../../avr/lib/avr5\libc.a(eerd_byte_atmega328p.o)
                              ./HD44780/HD44780.o (__eerd_byte_m328p)
c:/winavr-20100110/bin/../lib/gcc/avr/4.3.3/../../../../avr/lib/avr5\libc.a(strrev.o)
                              c:/winavr-20100110/bin/../lib/gcc/avr/4.3.3/../../../../avr/lib/avr5\libc.a(itoa.o) (strrev)

Allocating common symbols
Common symbol       size              file

timer               0x1               ./TIMER2/timer2.o
average             0x2               ./ADC/adc.o
cz_u                0x3               ./main.o
cz_d                0x3               ./main.o
pwm                 0x1               ./PWM/pwm.o
key_lock            0x2               ./main.o

Memory Configuration

Name             Origin             Length             Attributes
text             0x00000000         0x00020000         xr
data             0x00800060         0x0000ffa0         rw !x
eeprom           0x00810000         0x00010000         rw !x
fuse             0x00820000         0x00000400         rw !x
lock             0x00830000         0x00000400         rw !x
signature        0x00840000         0x00000400         rw !x
*default*        0x00000000         0xffffffff

Linker script and memory map

Address of section .data set to 0x800100
LOAD c:/winavr-20100110/bin/../lib/gcc/avr/4.3.3/../../../../avr/lib/avr5/crtm328p.o
LOAD ./TIMER2/timer2.o
LOAD ./PWM/pwm.o
LOAD ./HD44780/HD44780.o
LOAD ./ADC/adc.o
LOAD ./init.o
LOAD ./main.o
LOAD c:/winavr-20100110/bin/../lib/gcc/avr/4.3.3/avr5\libgcc.a
LOAD c:/winavr-20100110/bin/../lib/gcc/avr/4.3.3/../../../../avr/lib/avr5\libc.a
LOAD c:/winavr-20100110/bin/../lib/gcc/avr/4.3.3/avr5\libgcc.a

.hash
 *(.hash)

.dynsym
 *(.dynsym)

.dynstr
 *(.dynstr)

.gnu.version
 *(.gnu.version)

.gnu.version_d
 *(.gnu.version_d)

.gnu.version_r
 *(.gnu.version_r)

.rel.init
 *(.rel.init)

.rela.init
 *(.rela.init)

.rel.text
 *(.rel.text)
 *(.rel.text.*)
 *(.rel.gnu.linkonce.t*)

.rela.text
 *(.rela.text)
 *(.rela.text.*)
 *(.rela.gnu.linkonce.t*)

.rel.fini
 *(.rel.fini)

.rela.fini
 *(.rela.fini)

.rel.rodata
 *(.rel.rodata)
 *(.rel.rodata.*)
 *(.rel.gnu.linkonce.r*)

.rela.rodata
 *(.rela.rodata)
 *(.rela.rodata.*)
 *(.rela.gnu.linkonce.r*)

.rel.data
 *(.rel.data)
 *(.rel.data.*)
 *(.rel.gnu.linkonce.d*)

.rela.data
 *(.rela.data)
 *(.rela.data.*)
 *(.rela.gnu.linkonce.d*)

.rel.ctors
 *(.rel.ctors)

.rela.ctors
 *(.rela.ctors)

.rel.dtors
 *(.rel.dtors)

.rela.dtors
 *(.rela.dtors)

.rel.got
 *(.rel.got)

.rela.got
 *(.rela.got)

.rel.bss
 *(.rel.bss)

.rela.bss
 *(.rela.bss)

.rel.plt
 *(.rel.plt)

.rela.plt
 *(.rela.plt)

.text           0x00000000      0x8a4
 *(.vectors)
 .vectors       0x00000000       0x68 c:/winavr-20100110/bin/../lib/gcc/avr/4.3.3/../../../../avr/lib/avr5/crtm328p.o
                0x00000000                __vectors
                0x00000000                __vector_default
 *(.vectors)
 *(.progmem.gcc*)
 *(.progmem*)
                0x00000068                . = ALIGN (0x2)
                0x00000068                __trampolines_start = .
 *(.trampolines)
 .trampolines   0x00000068        0x0 linker stubs
 *(.trampolines*)
                0x00000068                __trampolines_end = .
 *(.jumptables)
 *(.jumptables*)
 *(.lowtext)
 *(.lowtext*)
                0x00000068                __ctors_start = .
 *(.ctors)
                0x00000068                __ctors_end = .
                0x00000068                __dtors_start = .
 *(.dtors)
                0x00000068                __dtors_end = .
 SORT(*)(.ctors)
 SORT(*)(.dtors)
 *(.init0)
 .init0         0x00000068        0x0 c:/winavr-20100110/bin/../lib/gcc/avr/4.3.3/../../../../avr/lib/avr5/crtm328p.o
                0x00000068                __init
 *(.init0)
 *(.init1)
 *(.init1)
 *(.init2)
 .init2         0x00000068        0xc c:/winavr-20100110/bin/../lib/gcc/avr/4.3.3/../../../../avr/lib/avr5/crtm328p.o
 *(.init2)
 *(.init3)
 *(.init3)
 *(.init4)
 .init4         0x00000074       0x16 c:/winavr-20100110/bin/../lib/gcc/avr/4.3.3/avr5\libgcc.a(_copy_data.o)
                0x00000074                __do_copy_data
 .init4         0x0000008a       0x10 c:/winavr-20100110/bin/../lib/gcc/avr/4.3.3/avr5\libgcc.a(_clear_bss.o)
                0x0000008a                __do_clear_bss
 *(.init4)
 *(.init5)
 *(.init5)
 *(.init6)
 *(.init6)
 *(.init7)
 *(.init7)
 *(.init8)
 *(.init8)
 *(.init9)
 .init9         0x0000009a        0x8 c:/winavr-20100110/bin/../lib/gcc/avr/4.3.3/../../../../avr/lib/avr5/crtm328p.o
 *(.init9)
 *(.text)
 .text          0x000000a2        0x4 c:/winavr-20100110/bin/../lib/gcc/avr/4.3.3/../../../../avr/lib/avr5/crtm328p.o
                0x000000a2                __vector_22
                0x000000a2                __vector_1
                0x000000a2                __vector_24
                0x000000a2                __vector_12
                0x000000a2                __bad_interrupt
                0x000000a2                __vector_6
                0x000000a2                __vector_3
                0x000000a2                __vector_23
                0x000000a2                __vector_25
                0x000000a2                __vector_11
                0x000000a2                __vector_13
                0x000000a2                __vector_17
                0x000000a2                __vector_19
                0x000000a2                __vector_5
                0x000000a2                __vector_4
                0x000000a2                __vector_9
                0x000000a2                __vector_2
                0x000000a2                __vector_21
                0x000000a2                __vector_15
                0x000000a2                __vector_8
                0x000000a2                __vector_14
                0x000000a2                __vector_10
                0x000000a2                __vector_16
                0x000000a2                __vector_18
                0x000000a2                __vector_20
 .text          0x000000a6        0x0 ./TIMER2/timer2.o
 .text          0x000000a6        0x0 ./PWM/pwm.o
 .text          0x000000a6        0x0 ./HD44780/HD44780.o
 .text          0x000000a6        0x0 ./ADC/adc.o
 .text          0x000000a6        0x0 ./init.o
 .text          0x000000a6        0x0 ./main.o
 .text          0x000000a6        0x0 c:/winavr-20100110/bin/../lib/gcc/avr/4.3.3/avr5\libgcc.a(_mulsi3.o)
 .text          0x000000a6        0x0 c:/winavr-20100110/bin/../lib/gcc/avr/4.3.3/avr5\libgcc.a(_udivmodhi4.o)
 .text          0x000000a6        0x0 c:/winavr-20100110/bin/../lib/gcc/avr/4.3.3/avr5\libgcc.a(_divmodhi4.o)
 .text          0x000000a6        0x0 c:/winavr-20100110/bin/../lib/gcc/avr/4.3.3/avr5\libgcc.a(_udivmodsi4.o)
 .text          0x000000a6        0x0 c:/winavr-20100110/bin/../lib/gcc/avr/4.3.3/avr5\libgcc.a(_exit.o)
 .text          0x000000a6        0x0 c:/winavr-20100110/bin/../lib/gcc/avr/4.3.3/avr5\libgcc.a(_copy_data.o)
 .text          0x000000a6        0x0 c:/winavr-20100110/bin/../lib/gcc/avr/4.3.3/avr5\libgcc.a(_clear_bss.o)
 .text          0x000000a6        0x0 c:/winavr-20100110/bin/../lib/gcc/avr/4.3.3/../../../../avr/lib/avr5\libc.a(itoa.o)
 .text          0x000000a6        0x0 c:/winavr-20100110/bin/../lib/gcc/avr/4.3.3/../../../../avr/lib/avr5\libc.a(eerd_byte_atmega328p.o)
 .text          0x000000a6        0x0 c:/winavr-20100110/bin/../lib/gcc/avr/4.3.3/../../../../avr/lib/avr5\libc.a(strrev.o)
                0x000000a6                . = ALIGN (0x2)
 *(.text.*)
 .text.TIMER2_10ms_Init
                0x000000a6       0x26 ./TIMER2/timer2.o
                0x000000a6                TIMER2_10ms_Init
 .text.__vector_7
                0x000000cc       0x1e ./TIMER2/timer2.o
                0x000000cc                __vector_7
 .text.PWM_Enable
                0x000000ea       0x1a ./PWM/pwm.o
                0x000000ea                PWM_Enable
 .text.PWM_Disable
                0x00000104       0x16 ./PWM/pwm.o
                0x00000104                PWM_Disable
 .text.PWM_Correct
                0x0000011a       0x34 ./PWM/pwm.o
                0x0000011a                PWM_Correct
 .text.lcd_sendHalf
                0x0000014e       0x2a ./HD44780/HD44780.o
 .text.lcd_readHalf
                0x00000178       0x1e ./HD44780/HD44780.o
 .text._lcd_read_byte
                0x00000196       0x28 ./HD44780/HD44780.o
                0x00000196                _lcd_read_byte
 .text.check_BF
                0x000001be        0x8 ./HD44780/HD44780.o
                0x000001be                check_BF
 .text._lcd_write_byte
                0x000001c6       0x30 ./HD44780/HD44780.o
                0x000001c6                _lcd_write_byte
 .text.lcd_write_cmd
                0x000001f6        0x8 ./HD44780/HD44780.o
                0x000001f6                lcd_write_cmd
 .text.lcd_write_data
                0x000001fe        0x8 ./HD44780/HD44780.o
                0x000001fe                lcd_write_data
 .text.lcd_char
                0x00000206       0x12 ./HD44780/HD44780.o
                0x00000206                lcd_char
 .text.lcd_str  0x00000218       0x24 ./HD44780/HD44780.o
                0x00000218                lcd_str
 .text.lcd_str_P
                0x0000023c       0x2c ./HD44780/HD44780.o
                0x0000023c                lcd_str_P
 .text.lcd_defchar
                0x00000268       0x30 ./HD44780/HD44780.o
                0x00000268                lcd_defchar
 .text.lcd_defchar_P
                0x00000298       0x40 ./HD44780/HD44780.o
                0x00000298                lcd_defchar_P
 .text.lcd_locate
                0x000002d8       0x10 ./HD44780/HD44780.o
                0x000002d8                lcd_locate
 .text.lcd_cls  0x000002e8        0x8 ./HD44780/HD44780.o
                0x000002e8                lcd_cls
 .text.lcd_init
                0x000002f0       0x70 ./HD44780/HD44780.o
                0x000002f0                lcd_init
 .text.lcd_defchar_E
                0x00000360       0x40 ./HD44780/HD44780.o
                0x00000360                lcd_defchar_E
 .text.lcd_str_E
                0x000003a0       0x2c ./HD44780/HD44780.o
                0x000003a0                lcd_str_E
 .text.lcd_int  0x000003cc       0x38 ./HD44780/HD44780.o
                0x000003cc                lcd_int
 .text.ADC_Init
                0x00000404       0x28 ./ADC/adc.o
                0x00000404                ADC_Init
 .text.ADC_Read
                0x0000042c       0x2c ./ADC/adc.o
                0x0000042c                ADC_Read
 .text.GetVoltage
                0x00000458       0x6c ./ADC/adc.o
                0x00000458                GetVoltage
 .text.InitAll  0x000004c4       0x2a ./init.o
                0x000004c4                InitAll
 .text.key_push_up
                0x000004ee       0x30 ./main.o
                0x000004ee                key_push_up
 .text.show_vv  0x0000051e       0x88 ./main.o
                0x0000051e                show_vv
 .text.vv_inc   0x000005a6       0x20 ./main.o
                0x000005a6                vv_inc
 .text.vv_dec   0x000005c6       0x1e ./main.o
                0x000005c6                vv_dec
 .text.fire     0x000005e4       0xe0 ./main.o
                0x000005e4                fire
 .text.main     0x000006c4       0x9a ./main.o
                0x000006c4                main
 .text.libgcc   0x0000075e       0x3e c:/winavr-20100110/bin/../lib/gcc/avr/4.3.3/avr5\libgcc.a(_mulsi3.o)
                0x0000075e                __mulsi3
 .text.libgcc   0x0000079c       0x28 c:/winavr-20100110/bin/../lib/gcc/avr/4.3.3/avr5\libgcc.a(_udivmodhi4.o)
                0x0000079c                __udivmodhi4
 .text.libgcc   0x000007c4       0x26 c:/winavr-20100110/bin/../lib/gcc/avr/4.3.3/avr5\libgcc.a(_divmodhi4.o)
                0x000007c4                __divmodhi4
                0x000007c4                _div
 .text.libgcc   0x000007ea       0x44 c:/winavr-20100110/bin/../lib/gcc/avr/4.3.3/avr5\libgcc.a(_udivmodsi4.o)
                0x000007ea                __udivmodsi4
 .text.libgcc   0x0000082e        0x0 c:/winavr-20100110/bin/../lib/gcc/avr/4.3.3/avr5\libgcc.a(_exit.o)
 .text.libgcc   0x0000082e        0x0 c:/winavr-20100110/bin/../lib/gcc/avr/4.3.3/avr5\libgcc.a(_copy_data.o)
 .text.libgcc   0x0000082e        0x0 c:/winavr-20100110/bin/../lib/gcc/avr/4.3.3/avr5\libgcc.a(_clear_bss.o)
 .text.avr-libc
                0x0000082e       0x42 c:/winavr-20100110/bin/../lib/gcc/avr/4.3.3/../../../../avr/lib/avr5\libc.a(itoa.o)
                0x0000082e                itoa
 .text.avr-libc
                0x00000870       0x10 c:/winavr-20100110/bin/../lib/gcc/avr/4.3.3/../../../../avr/lib/avr5\libc.a(eerd_byte_atmega328p.o)
                0x00000870                __eerd_byte_m328p
 .text.avr-libc
                0x00000880       0x20 c:/winavr-20100110/bin/../lib/gcc/avr/4.3.3/../../../../avr/lib/avr5\libc.a(strrev.o)
                0x00000880                strrev
                0x000008a0                . = ALIGN (0x2)
 *(.fini9)
 .fini9         0x000008a0        0x0 c:/winavr-20100110/bin/../lib/gcc/avr/4.3.3/avr5\libgcc.a(_exit.o)
                0x000008a0                exit
                0x000008a0                _exit
 *(.fini9)
 *(.fini8)
 *(.fini8)
 *(.fini7)
 *(.fini7)
 *(.fini6)
 *(.fini6)
 *(.fini5)
 *(.fini5)
 *(.fini4)
 *(.fini4)
 *(.fini3)
 *(.fini3)
 *(.fini2)
 *(.fini2)
 *(.fini1)
 *(.fini1)
 *(.fini0)
 .fini0         0x000008a0        0x4 c:/winavr-20100110/bin/../lib/gcc/avr/4.3.3/avr5\libgcc.a(_exit.o)
 *(.fini0)
                0x000008a4                _etext = .

.data           0x00800100       0x22 load address 0x000008a4
                0x00800100                PROVIDE (__data_start, .)
 *(.data)
 .data          0x00800100        0x0 c:/winavr-20100110/bin/../lib/gcc/avr/4.3.3/../../../../avr/lib/avr5/crtm328p.o
 .data          0x00800100        0x0 ./TIMER2/timer2.o
 .data          0x00800100        0x0 ./PWM/pwm.o
 .data          0x00800100        0x0 ./HD44780/HD44780.o
 .data          0x00800100        0x0 ./ADC/adc.o
 .data          0x00800100        0xc ./init.o
 .data          0x0080010c       0x12 ./main.o
 .data          0x0080011e        0x0 c:/winavr-20100110/bin/../lib/gcc/avr/4.3.3/avr5\libgcc.a(_mulsi3.o)
 .data          0x0080011e        0x0 c:/winavr-20100110/bin/../lib/gcc/avr/4.3.3/avr5\libgcc.a(_udivmodhi4.o)
 .data          0x0080011e        0x0 c:/winavr-20100110/bin/../lib/gcc/avr/4.3.3/avr5\libgcc.a(_divmodhi4.o)
 .data          0x0080011e        0x0 c:/winavr-20100110/bin/../lib/gcc/avr/4.3.3/avr5\libgcc.a(_udivmodsi4.o)
 .data          0x0080011e        0x0 c:/winavr-20100110/bin/../lib/gcc/avr/4.3.3/avr5\libgcc.a(_exit.o)
 .data          0x0080011e        0x0 c:/winavr-20100110/bin/../lib/gcc/avr/4.3.3/avr5\libgcc.a(_copy_data.o)
 .data          0x0080011e        0x0 c:/winavr-20100110/bin/../lib/gcc/avr/4.3.3/avr5\libgcc.a(_clear_bss.o)
 .data          0x0080011e        0x0 c:/winavr-20100110/bin/../lib/gcc/avr/4.3.3/../../../../avr/lib/avr5\libc.a(itoa.o)
 .data          0x0080011e        0x0 c:/winavr-20100110/bin/../lib/gcc/avr/4.3.3/../../../../avr/lib/avr5\libc.a(eerd_byte_atmega328p.o)
 .data          0x0080011e        0x0 c:/winavr-20100110/bin/../lib/gcc/avr/4.3.3/../../../../avr/lib/avr5\libc.a(strrev.o)
 *(.data*)
 .data.samples  0x0080011e        0x1 ./ADC/adc.o
                0x0080011e                samples
 .data.vv       0x0080011f        0x2 ./main.o
                0x0080011f                vv
 *(.rodata)
 *(.rodata*)
 *(.gnu.linkonce.d*)
                0x00800122                . = ALIGN (0x2)
 *fill*         0x00800121        0x1 00
                0x00800122                _edata = .
                0x00800122                PROVIDE (__data_end, .)

.bss            0x00800122        0xd
                0x00800122                PROVIDE (__bss_start, .)
 *(.bss)
 .bss           0x00800122        0x0 c:/winavr-20100110/bin/../lib/gcc/avr/4.3.3/../../../../avr/lib/avr5/crtm328p.o
 .bss           0x00800122        0x0 ./TIMER2/timer2.o
 .bss           0x00800122        0x0 ./PWM/pwm.o
 .bss           0x00800122        0x0 ./HD44780/HD44780.o
 .bss           0x00800122        0x0 ./ADC/adc.o
 .bss           0x00800122        0x0 ./init.o
 .bss           0x00800122        0x0 ./main.o
 .bss           0x00800122        0x0 c:/winavr-20100110/bin/../lib/gcc/avr/4.3.3/avr5\libgcc.a(_mulsi3.o)
 .bss           0x00800122        0x0 c:/winavr-20100110/bin/../lib/gcc/avr/4.3.3/avr5\libgcc.a(_udivmodhi4.o)
 .bss           0x00800122        0x0 c:/winavr-20100110/bin/../lib/gcc/avr/4.3.3/avr5\libgcc.a(_divmodhi4.o)
 .bss           0x00800122        0x0 c:/winavr-20100110/bin/../lib/gcc/avr/4.3.3/avr5\libgcc.a(_udivmodsi4.o)
 .bss           0x00800122        0x0 c:/winavr-20100110/bin/../lib/gcc/avr/4.3.3/avr5\libgcc.a(_exit.o)
 .bss           0x00800122        0x0 c:/winavr-20100110/bin/../lib/gcc/avr/4.3.3/avr5\libgcc.a(_copy_data.o)
 .bss           0x00800122        0x0 c:/winavr-20100110/bin/../lib/gcc/avr/4.3.3/avr5\libgcc.a(_clear_bss.o)
 .bss           0x00800122        0x0 c:/winavr-20100110/bin/../lib/gcc/avr/4.3.3/../../../../avr/lib/avr5\libc.a(itoa.o)
 .bss           0x00800122        0x0 c:/winavr-20100110/bin/../lib/gcc/avr/4.3.3/../../../../avr/lib/avr5\libc.a(eerd_byte_atmega328p.o)
 .bss           0x00800122        0x0 c:/winavr-20100110/bin/../lib/gcc/avr/4.3.3/../../../../avr/lib/avr5\libc.a(strrev.o)
 *(.bss*)
 .bss.flag_TIMER2_tick
                0x00800122        0x1 ./TIMER2/timer2.o
                0x00800122                flag_TIMER2_tick
 *(COMMON)
 COMMON         0x00800123        0x1 ./TIMER2/timer2.o
                0x00800123                timer
 COMMON         0x00800124        0x1 ./PWM/pwm.o
                0x00800124                pwm
 COMMON         0x00800125        0x2 ./ADC/adc.o
                0x00800125                average
 COMMON         0x00800127        0x8 ./main.o
                0x00800127                cz_u
                0x0080012a                cz_d
                0x0080012d                key_lock
                0x0080012f                PROVIDE (__bss_end, .)
                0x000008a4                __data_load_start = LOADADDR (.data)
                0x000008c6                __data_load_end = (__data_load_start + SIZEOF (.data))

.noinit         0x0080012f        0x0
                0x0080012f                PROVIDE (__noinit_start, .)
 *(.noinit*)
                0x0080012f                PROVIDE (__noinit_end, .)
                0x0080012f                _end = .
                0x0080012f                PROVIDE (__heap_start, .)

.eeprom         0x00810000        0x0
 *(.eeprom*)
                0x00810000                __eeprom_end = .

.fuse
 *(.fuse)
 *(.lfuse)
 *(.hfuse)
 *(.efuse)

.lock
 *(.lock*)

.signature
 *(.signature*)

.stab
 *(.stab)

.stabstr
 *(.stabstr)

.stab.excl
 *(.stab.excl)

.stab.exclstr
 *(.stab.exclstr)

.stab.index
 *(.stab.index)

.stab.indexstr
 *(.stab.indexstr)

.comment
 *(.comment)

.debug
 *(.debug)

.line
 *(.line)

.debug_srcinfo
 *(.debug_srcinfo)

.debug_sfnames
 *(.debug_sfnames)

.debug_aranges
 *(.debug_aranges)

.debug_pubnames
 *(.debug_pubnames)

.debug_info
 *(.debug_info)
 *(.gnu.linkonce.wi.*)

.debug_abbrev
 *(.debug_abbrev)

.debug_line
 *(.debug_line)

.debug_frame
 *(.debug_frame)

.debug_str
 *(.debug_str)

.debug_loc
 *(.debug_loc)

.debug_macinfo
 *(.debug_macinfo)
OUTPUT(chmura.elf elf32-avr)
LOAD linker stubs
